[2025-May-25 18:41:25.900 +08:00][ 3833: 3833][info ] Logging initialized
[2025-May-25 18:41:25.900 +08:00][ 3833: 3833][info ] Initializing krisp SDK...
[2025-May-25 18:41:25.900 +08:00][ 3833: 3833][info ] DoKrispInitialize
[2025-May-25 18:41:26.211 +08:00][ 3833: 3833][info ] LoadDynamicKrisp
[2025-May-25 18:41:26.211 +08:00][ 3833: 3833][info ] Did not find KRISP_DYLIB_PATH, skipping dynamic loading
[2025-May-25 18:41:26.211 +08:00][ 3833: 3833][info ] Initializing Krisp SDK in PID 3833, addr 0x7f992cf8c820
[2025-May-25 18:41:26.393 +08:00][ 3833: 3833][info ] Initialized Krisp SDK successfully
[2025-May-25 18:41:26.393 +08:00][ 3833: 3833][info ] Krisp SDK initialized
[2025-May-25 19:10:33.349 +08:00][ 3833: 3867][info ] KrispNCSetup: sampleRate = 48000, duration = 10
[2025-May-25 19:10:33.349 +08:00][ 3833: 3867][info ] Setting Krisp model: full_NC
[2025-May-25 19:10:33.358 +08:00][ 3833: 3867][info ] KrispVADSetup: sampleRate = 48000, duration = 10
[2025-May-25 19:28:08.905 +08:00][ 3833: 3867][info ] KrispVADSetup: sampleRate = 48000, duration = 10
[2025-May-25 19:28:13.273 +08:00][ 3833: 3860][info ] KrispVADReset
[2025-May-25 19:33:05.910 +08:00][ 3833: 3860][info ] KrispVADReset
[2025-May-25 19:33:07.654 +08:00][ 3833: 3867][info ] KrispVADSetup: sampleRate = 48000, duration = 10
[2025-May-25 19:33:12.002 +08:00][ 3833: 3860][info ] KrispVADReset
[2025-May-25 20:42:59.653 +08:00][ 3021: 3021][info ] Logging initialized
[2025-May-25 20:42:59.653 +08:00][ 3021: 3021][info ] Initializing krisp SDK...
[2025-May-25 20:42:59.653 +08:00][ 3021: 3021][info ] DoKrispInitialize
[2025-May-25 20:42:59.966 +08:00][ 3021: 3021][info ] LoadDynamicKrisp
[2025-May-25 20:42:59.966 +08:00][ 3021: 3021][info ] Did not find KRISP_DYLIB_PATH, skipping dynamic loading
[2025-May-25 20:42:59.966 +08:00][ 3021: 3021][info ] Initializing Krisp SDK in PID 3021, addr 0x7f72beb8c820
[2025-May-25 20:43:00.158 +08:00][ 3021: 3021][info ] Initialized Krisp SDK successfully
[2025-May-25 20:43:00.158 +08:00][ 3021: 3021][info ] Krisp SDK initialized
[2025-May-25 21:01:39.166 +08:00][ 3021: 3055][info ] KrispNCSetup: sampleRate = 48000, duration = 10
[2025-May-25 21:01:39.166 +08:00][ 3021: 3055][info ] Setting Krisp model: full_NC
[2025-May-25 22:12:41.940 +08:00][ 1273: 1273][info ] Logging initialized
[2025-May-25 22:12:41.940 +08:00][ 1273: 1273][info ] Initializing krisp SDK...
[2025-May-25 22:12:41.940 +08:00][ 1273: 1273][info ] DoKrispInitialize
[2025-May-25 22:12:42.252 +08:00][ 1273: 1273][info ] LoadDynamicKrisp
[2025-May-25 22:12:42.252 +08:00][ 1273: 1273][info ] Did not find KRISP_DYLIB_PATH, skipping dynamic loading
[2025-May-25 22:12:42.252 +08:00][ 1273: 1273][info ] Initializing Krisp SDK in PID 1273, addr 0x7f6f6a98c820
[2025-May-25 22:12:42.441 +08:00][ 1273: 1273][info ] Initialized Krisp SDK successfully
[2025-May-25 22:12:42.441 +08:00][ 1273: 1273][info ] Krisp SDK initialized
[2025-May-25 22:13:33.485 +08:00][ 1273: 1306][info ] KrispNCSetup: sampleRate = 8000, duration = 10
[2025-May-25 22:13:33.485 +08:00][ 1273: 1306][info ] Setting Krisp model: small_NC_8k
[2025-May-25 22:14:18.146 +08:00][ 1273: 1300][info ] KrispNCReset
[2025-May-25 22:14:18.567 +08:00][ 1273: 1273][info ] Logging initialized
[2025-May-25 22:14:18.567 +08:00][ 1273: 1273][info ] Initializing krisp SDK...
[2025-May-25 22:14:18.567 +08:00][ 1273: 1273][info ] Krisp SDK initialized
[2025-May-25 22:14:38.310 +08:00][ 1273: 1494][info ] KrispNCSetup: sampleRate = 48000, duration = 10
[2025-May-25 22:14:38.310 +08:00][ 1273: 1494][info ] Setting Krisp model: full_NC
[2025-May-25 22:16:24.146 +08:00][  943:  943][info ] Logging initialized
[2025-May-25 22:16:24.146 +08:00][  943:  943][info ] Initializing krisp SDK...
[2025-May-25 22:16:24.146 +08:00][  943:  943][info ] DoKrispInitialize
[2025-May-25 22:16:24.459 +08:00][  943:  943][info ] LoadDynamicKrisp
[2025-May-25 22:16:24.459 +08:00][  943:  943][info ] Did not find KRISP_DYLIB_PATH, skipping dynamic loading
[2025-May-25 22:16:24.459 +08:00][  943:  943][info ] Initializing Krisp SDK in PID 943, addr 0x7f054918c820
[2025-May-25 22:16:24.653 +08:00][  943:  943][info ] Initialized Krisp SDK successfully
[2025-May-25 22:16:24.653 +08:00][  943:  943][info ] Krisp SDK initialized
[2025-May-25 22:16:26.041 +08:00][  943:  943][info ] Logging initialized
[2025-May-25 22:16:26.041 +08:00][  943:  943][info ] Initializing krisp SDK...
[2025-May-25 22:16:26.041 +08:00][  943:  943][info ] Krisp SDK initialized
[2025-May-25 22:16:29.689 +08:00][  943: 1095][info ] KrispNCSetup: sampleRate = 48000, duration = 10
[2025-May-25 22:16:29.689 +08:00][  943: 1095][info ] Setting Krisp model: full_NC
[2025-May-25 22:42:02.638 +08:00][ 1417: 1417][info ] Logging initialized
[2025-May-25 22:42:02.638 +08:00][ 1417: 1417][info ] Initializing krisp SDK...
[2025-May-25 22:42:02.638 +08:00][ 1417: 1417][info ] DoKrispInitialize
[2025-May-25 22:42:02.950 +08:00][ 1417: 1417][info ] LoadDynamicKrisp
[2025-May-25 22:42:02.950 +08:00][ 1417: 1417][info ] Did not find KRISP_DYLIB_PATH, skipping dynamic loading
[2025-May-25 22:42:02.950 +08:00][ 1417: 1417][info ] Initializing Krisp SDK in PID 1417, addr 0x7f54d158c820
[2025-May-25 22:42:03.140 +08:00][ 1417: 1417][info ] Initialized Krisp SDK successfully
[2025-May-25 22:42:03.140 +08:00][ 1417: 1417][info ] Krisp SDK initialized
[2025-May-25 22:42:24.415 +08:00][ 1417: 1451][info ] KrispNCSetup: sampleRate = 48000, duration = 10
[2025-May-25 22:42:24.415 +08:00][ 1417: 1451][info ] Setting Krisp model: full_NC
[2025-May-25 23:54:12.580 +08:00][ 1209: 1209][info ] Logging initialized
[2025-May-25 23:54:12.580 +08:00][ 1209: 1209][info ] Initializing krisp SDK...
[2025-May-25 23:54:12.580 +08:00][ 1209: 1209][info ] DoKrispInitialize
[2025-May-25 23:54:12.895 +08:00][ 1209: 1209][info ] LoadDynamicKrisp
[2025-May-25 23:54:12.895 +08:00][ 1209: 1209][info ] Did not find KRISP_DYLIB_PATH, skipping dynamic loading
[2025-May-25 23:54:12.895 +08:00][ 1209: 1209][info ] Initializing Krisp SDK in PID 1209, addr 0x7f0856d8c820
[2025-May-25 23:54:13.084 +08:00][ 1209: 1209][info ] Initialized Krisp SDK successfully
[2025-May-25 23:54:13.084 +08:00][ 1209: 1209][info ] Krisp SDK initialized
[2025-May-25 23:54:42.316 +08:00][ 1209: 1250][info ] KrispNCSetup: sampleRate = 48000, duration = 10
[2025-May-25 23:54:42.316 +08:00][ 1209: 1250][info ] Setting Krisp model: full_NC
[2025-May-26 01:14:13.140 +08:00][44698:44698][info ] Logging initialized
[2025-May-26 01:14:13.140 +08:00][44698:44698][info ] Initializing krisp SDK...
[2025-May-26 01:14:13.140 +08:00][44698:44698][info ] DoKrispInitialize
[2025-May-26 01:14:13.450 +08:00][44698:44698][info ] LoadDynamicKrisp
[2025-May-26 01:14:13.450 +08:00][44698:44698][info ] Did not find KRISP_DYLIB_PATH, skipping dynamic loading
[2025-May-26 01:14:13.450 +08:00][44698:44698][info ] Initializing Krisp SDK in PID 44698, addr 0x7f1b3d18c820
[2025-May-26 01:14:13.629 +08:00][44698:44698][info ] Initialized Krisp SDK successfully
[2025-May-26 01:14:13.629 +08:00][44698:44698][info ] Krisp SDK initialized
[2025-May-26 01:14:19.796 +08:00][44698:44742][info ] KrispNCSetup: sampleRate = 48000, duration = 10
[2025-May-26 01:14:19.796 +08:00][44698:44742][info ] Setting Krisp model: full_NC
[2025-May-26 01:41:02.998 +08:00][81536:81536][info ] Logging initialized
[2025-May-26 01:41:02.998 +08:00][81536:81536][info ] Initializing krisp SDK...
[2025-May-26 01:41:02.998 +08:00][81536:81536][info ] DoKrispInitialize
[2025-May-26 01:41:03.321 +08:00][81536:81536][warning] Application not signed by Discord, Krisp is not enabled
[2025-May-26 01:41:03.321 +08:00][81536:81536][warning] Failed to setup Krisp module, error code: -3
[2025-May-26 01:41:03.321 +08:00][81536:81536][info ] Krisp SDK initialized
[2025-May-26 01:43:59.532 +08:00][81536:81536][info ] Logging initialized
[2025-May-26 01:43:59.532 +08:00][81536:81536][info ] Initializing krisp SDK...
[2025-May-26 01:43:59.532 +08:00][81536:81536][warning] Failed to setup Krisp module, error code: -3
[2025-May-26 01:43:59.532 +08:00][81536:81536][info ] Krisp SDK initialized
[2025-May-26 01:46:29.260 +08:00][83639:83639][info ] Logging initialized
[2025-May-26 01:46:29.260 +08:00][83639:83639][info ] Initializing krisp SDK...
[2025-May-26 01:46:29.260 +08:00][83639:83639][info ] DoKrispInitialize
[2025-May-26 01:46:29.583 +08:00][83639:83639][warning] Application not signed by Discord, Krisp is not enabled
[2025-May-26 01:46:29.583 +08:00][83639:83639][warning] Failed to setup Krisp module, error code: -3
[2025-May-26 01:46:29.583 +08:00][83639:83639][info ] Krisp SDK initialized
[2025-May-26 01:54:26.674 +08:00][ 1999: 1999][info ] Logging initialized
[2025-May-26 01:54:26.674 +08:00][ 1999: 1999][info ] Initializing krisp SDK...
[2025-May-26 01:54:26.674 +08:00][ 1999: 1999][info ] DoKrispInitialize
[2025-May-26 01:54:26.998 +08:00][ 1999: 1999][warning] Application not signed by Discord, Krisp is not enabled
[2025-May-26 01:54:26.998 +08:00][ 1999: 1999][warning] Failed to setup Krisp module, error code: -3
[2025-May-26 01:54:26.998 +08:00][ 1999: 1999][info ] Krisp SDK initialized
[2025-May-26 01:55:16.337 +08:00][ 2388: 2388][info ] Logging initialized
[2025-May-26 01:55:16.337 +08:00][ 2388: 2388][info ] Initializing krisp SDK...
[2025-May-26 01:55:16.337 +08:00][ 2388: 2388][info ] DoKrispInitialize
[2025-May-26 01:55:16.661 +08:00][ 2388: 2388][warning] Application not signed by Discord, Krisp is not enabled
[2025-May-26 01:55:16.661 +08:00][ 2388: 2388][warning] Failed to setup Krisp module, error code: -3
[2025-May-26 01:55:16.661 +08:00][ 2388: 2388][info ] Krisp SDK initialized
[2025-May-26 01:55:46.730 +08:00][ 2388: 2388][info ] Logging initialized
[2025-May-26 01:55:46.730 +08:00][ 2388: 2388][info ] Initializing krisp SDK...
[2025-May-26 01:55:46.730 +08:00][ 2388: 2388][warning] Failed to setup Krisp module, error code: -3
[2025-May-26 01:55:46.730 +08:00][ 2388: 2388][info ] Krisp SDK initialized
[2025-May-26 01:57:29.279 +08:00][ 1613: 1613][info ] Logging initialized
[2025-May-26 01:57:29.279 +08:00][ 1613: 1613][info ] Initializing krisp SDK...
[2025-May-26 01:57:29.279 +08:00][ 1613: 1613][info ] DoKrispInitialize
[2025-May-26 01:57:29.603 +08:00][ 1613: 1613][warning] Application not signed by Discord, Krisp is not enabled
[2025-May-26 01:57:29.603 +08:00][ 1613: 1613][warning] Failed to setup Krisp module, error code: -3
[2025-May-26 01:57:29.603 +08:00][ 1613: 1613][info ] Krisp SDK initialized
[2025-May-26 01:57:56.119 +08:00][ 1999: 1999][info ] Logging initialized
[2025-May-26 01:57:56.119 +08:00][ 1999: 1999][info ] Initializing krisp SDK...
[2025-May-26 01:57:56.119 +08:00][ 1999: 1999][info ] DoKrispInitialize
[2025-May-26 01:57:56.442 +08:00][ 1999: 1999][warning] Application not signed by Discord, Krisp is not enabled
[2025-May-26 01:57:56.442 +08:00][ 1999: 1999][warning] Failed to setup Krisp module, error code: -3
[2025-May-26 01:57:56.442 +08:00][ 1999: 1999][info ] Krisp SDK initialized
[2025-May-26 02:02:34.770 +08:00][ 4020: 4020][info ] Logging initialized
[2025-May-26 02:02:34.770 +08:00][ 4020: 4020][info ] Initializing krisp SDK...
[2025-May-26 02:02:34.770 +08:00][ 4020: 4020][info ] DoKrispInitialize
[2025-May-26 02:02:35.093 +08:00][ 4020: 4020][warning] Application not signed by Discord, Krisp is not enabled
[2025-May-26 02:02:35.093 +08:00][ 4020: 4020][warning] Failed to setup Krisp module, error code: -3
[2025-May-26 02:02:35.093 +08:00][ 4020: 4020][info ] Krisp SDK initialized
[2025-May-26 02:03:48.444 +08:00][ 4020: 4020][info ] Logging initialized
[2025-May-26 02:03:48.444 +08:00][ 4020: 4020][info ] Initializing krisp SDK...
[2025-May-26 02:03:48.444 +08:00][ 4020: 4020][warning] Failed to setup Krisp module, error code: -3
[2025-May-26 02:03:48.444 +08:00][ 4020: 4020][info ] Krisp SDK initialized
[2025-May-26 02:06:21.898 +08:00][ 1364: 1364][info ] Logging initialized
[2025-May-26 02:06:21.898 +08:00][ 1364: 1364][info ] Initializing krisp SDK...
[2025-May-26 02:06:21.898 +08:00][ 1364: 1364][info ] DoKrispInitialize
[2025-May-26 02:06:22.222 +08:00][ 1364: 1364][warning] Application not signed by Discord, Krisp is not enabled
[2025-May-26 02:06:22.222 +08:00][ 1364: 1364][warning] Failed to setup Krisp module, error code: -3
[2025-May-26 02:06:22.222 +08:00][ 1364: 1364][info ] Krisp SDK initialized
[2025-May-26 02:22:28.663 +08:00][ 1357: 1357][info ] Logging initialized
[2025-May-26 02:22:28.663 +08:00][ 1357: 1357][info ] Initializing krisp SDK...
[2025-May-26 02:22:28.663 +08:00][ 1357: 1357][info ] DoKrispInitialize
[2025-May-26 02:22:28.987 +08:00][ 1357: 1357][warning] Application not signed by Discord, Krisp is not enabled
[2025-May-26 02:22:28.987 +08:00][ 1357: 1357][warning] Failed to setup Krisp module, error code: -3
[2025-May-26 02:22:28.987 +08:00][ 1357: 1357][info ] Krisp SDK initialized
[2025-May-26 09:34:26.683 +08:00][13287:13287][info ] Logging initialized
[2025-May-26 09:34:26.683 +08:00][13287:13287][info ] Initializing krisp SDK...
[2025-May-26 09:34:26.683 +08:00][13287:13287][info ] DoKrispInitialize
[2025-May-26 09:34:27.008 +08:00][13287:13287][warning] Application not signed by Discord, Krisp is not enabled
[2025-May-26 09:34:27.008 +08:00][13287:13287][warning] Failed to setup Krisp module, error code: -3
[2025-May-26 09:34:27.008 +08:00][13287:13287][info ] Krisp SDK initialized
[2025-May-26 09:46:22.608 +08:00][ 6697: 6697][info ] Logging initialized
[2025-May-26 09:46:22.608 +08:00][ 6697: 6697][info ] Initializing krisp SDK...
[2025-May-26 09:46:22.608 +08:00][ 6697: 6697][info ] DoKrispInitialize
[2025-May-26 09:46:22.932 +08:00][ 6697: 6697][warning] Application not signed by Discord, Krisp is not enabled
[2025-May-26 09:46:22.932 +08:00][ 6697: 6697][warning] Failed to setup Krisp module, error code: -3
[2025-May-26 09:46:22.932 +08:00][ 6697: 6697][info ] Krisp SDK initialized
